// Jest Snapshot v1, https://goo.gl/fbAQLP

exports[`<Container /> renders correctly with default styles 1`] = `
.emotion-0 {
  width: 100%;
  margin-left: auto;
  margin-right: auto;
  padding-left: 16px;
  padding-right: 16px;
}

<div
  className="emotion-0"
/>
`;
